

1             499428 AltZIP.Bin
1             363520 AltZIP.Bx
1                103 AltZIP.Dcb
1            1209452 AltZIP.Flt
1              62075 ccCBSA.Bin
1              55296 ccCBSA.Bx
1                159 ccCBSA.Bxl
1           14024331 ccCBSA.Cdf
1                614 ccCBSA.Dcb
1                555 ccCBSA.St2
1              24069 ccCBSA.Sty
1               1972 ccCBSADivision.Bin
1               4608 ccCBSADivision.Bx
1            1224645 ccCBSADivision.Cdf
1                746 ccCBSADivision.Dcb
1              21421 ccCBSADivision.Sty
1                480 ccCNECTA.Bin
1               3072 ccCNECTA.Bx
1             524092 ccCNECTA.Cdf
1                268 ccCNECTA.Dcb
1                514 ccCNECTA.St2
1              23984 ccCNECTA.Sty
1               8575 ccConsolidatedCity.Bin
1               3072 ccConsolidatedCity.Bx
1               2914 ccConsolidatedCity.Bxl
1              43131 ccConsolidatedCity.Cdf
1              83883 ccConsolidatedCity.Dcb
1              21445 ccConsolidatedCity.Sty
1            9077157 ccCounty.Bin
1             123392 ccCounty.Bx
1               2914 ccCounty.Bxl
1           22319054 ccCounty.Cdf
1               4648 ccCounty.Cfs
1             197735 ccCounty.Dcb
1              37913 ccCounty.Sty
1               8576 ccCSA.Bin
1              14848 ccCSA.Bx
1            5674952 ccCSA.Cdf
1                418 ccCSA.Dcb
1                514 ccCSA.St2
1              23961 ccCSA.Sty
1            2083823 ccGrid1.Cdf
1               1563 ccGrid1.Sty
1               1018 ccGrid1_.Sty
1              37518 ccGrid10.Cdf
1                780 ccGrid10.Sty
1                923 ccGrid10_.Sty
1              17293 ccGrid20.Cdf
1               1362 ccGrid20.Sty
1                923 ccGrid20_.Sty
1              12323 ccGrid30.Cdf
1                923 ccGrid30.Sty
1                780 ccGrid30_.Sty
1             101890 ccGrid5.Cdf
1                918 ccGrid5.Sty
1               1357 ccGrid5_.Sty
1                648 ccGridArea.Bin
1              41538 ccGridArea.Cdf
1                 78 ccGridArea.Dcb
1                863 ccGridArea.Sty
1               1924 ccHARN.Bin
1            1296279 ccHARN.Cdf
1                284 ccHARN.Dcb
1               6179 ccHARN.Sty
1           10327402 ccHighway.Bin
1               1094 ccHighway.Bxl
1           12719334 ccHighway.Cdf
1                929 ccHighway.Dcb
1               3892 ccHighway.St1
1               1040 ccHighway.Sty
1              21216 ccHighway_.Sty
1               3420 ccImportantLatitude.Bin
1              40856 ccImportantLatitude.Cdf
1                 93 ccImportantLatitude.Dcb
1               2356 ccImportantLatitude.Sty
1               1055 ccImportantLatitude_.Sty
1            1032080 ccIndian.Bin
1               3375 ccIndian.Bxl
1            2695897 ccIndian.Cdf
1              85473 ccIndian.Dcb
1                590 ccIndian.St2
1              23762 ccIndian.Sty
1              81733 ccInterstate.Bin
1                264 ccInterstate.Bxl
1            1000019 ccInterstate.Cdf
1                529 ccInterstate.Dcb
1                338 ccInterstate.St1
1               4340 ccInterstate.Sty
1               1043 ccInterstate_.Sty
1           67146860 ccLandmark.Bin
1           31314944 ccLandmark.Bx
1               1311 ccLandmark.Bxl
1            9790169 ccLandmark.Cdf
1                565 ccLandmark.Dcb
1               9223 ccLandmark.St0
1              79227 ccLandmark.Sty
1            6054243 ccLandmarkArea.Bin
1            1628160 ccLandmarkArea.Bx
1                977 ccLandmarkArea.Bxl
1           12370734 ccLandmarkArea.Cdf
1                411 ccLandmarkArea.Dcb
1               3950 ccLandmarkArea.st2
1              24857 ccLandmarkArea.Sty
1               7056 ccLocalNAD83.Bin
1               8192 ccLocalNAD83.Bx
1             461583 ccLocalNAD83.Cdf
1                257 ccLocalNAD83.Dcb
1               2346 ccLocalNAD83.Sty
1           22516515 ccMajorRoad.Bin
1                887 ccMajorRoad.Bxl
1           23325065 ccMajorRoad.Cdf
1                920 ccMajorRoad.Dcb
1              42153 ccMajorRoad.St1
1             222072 ccMajorRoad.Sty
1            3165996 ccMajorRoad_.Bin
1                 82 ccMajorRoad_.Dcb
1             111893 ccMajorRoad_.Sty
1           58377807 ccMCD.Bin
1            1012224 ccMCD.Bx
1               2914 ccMCD.Bxl
1           51068080 ccMCD.Cdf
1              85462 ccMCD.Dcb
1                724 ccMCD.St2
1              21463 ccMCD.Sty
1              44457 ccNationalPark.Bin
1              20480 ccNationalPark.Bx
1            3733290 ccNationalPark.Cdf
1                470 ccNationalPark.Dcb
1                396 ccNationalPark.st2
1               3737 ccNationalPark.Sty
1               2193 ccNECTA.Bin
1               4608 ccNECTA.Bx
1                159 ccNECTA.Bxl
1             776905 ccNECTA.Cdf
1                445 ccNECTA.Dcb
1                465 ccNECTA.St2
1              23327 ccNECTA.Sty
1                450 ccNECTADivision.Bin
1               3072 ccNECTADivision.Bx
1             184022 ccNECTADivision.Cdf
1                373 ccNECTADivision.Dcb
1              21451 ccNECTADivision.Sty
1            4589772 ccNorthAmericanAirport.Bin
1             610816 ccNorthAmericanAirport.Bx
1                789 ccNorthAmericanAirport.Bxl
1             173041 ccNorthAmericanAirport.Cdf
1               3861 ccNorthAmericanAirport.Dcb
1                759 ccNorthAmericanAirport.St0
1               8699 ccNorthAmericanAirport.Sty
1          315144383 ccNorthAmericanDEM.Cdf
1              34042 ccNorthAmericanDEM.Sty
1               5358 ccNorthAmericanLandMass.Bin
1               6656 ccNorthAmericanLandMass.Bx
1           14008609 ccNorthAmericanLandMass.Cdf
1                358 ccNorthAmericanLandMass.Dcb
1               1614 ccNorthAmericanLandMass.Sty
1           43046172 ccPlace.Bin
1            1100288 ccPlace.Bx
1               3079 ccPlace.Bxl
1           21096169 ccPlace.Cdf
1              85818 ccPlace.Dcb
1               1195 ccPlace.st2
1              27742 ccPlace.Sty
1           17711330 ccPPl.Bin
1            6265344 ccPPl.Bx
1                208 ccPPl.Bxl
1            1564361 ccPPl.Cdf
1                712 ccPPl.Dcb
1               3444 ccPPl.St0
1              29525 ccPPl.Sty
1            4027582 ccRailroad.Bin
1              24179 ccRailroad.Bxl
1            8432584 ccRailroad.Cdf
1                483 ccRailroad.Dcb
1                388 ccRailroad.st1
1               5283 ccRailroad.Sty
1               2684 ccRailroad_.Sty
1          190354720 ccRiver.Bin
1                235 ccRiver.Bxl
1         1123083967 ccRiver.Cdf
1                259 ccRiver.Dcb
1                216 ccRiver.St1
1                992 ccRiver.Sty
1               3341 ccRiver_.sty
1             114115 ccSMCD.Bin
1               8192 ccSMCD.Bx
1              49184 ccSMCD.Cdf
1              84553 ccSMCD.Dcb
1              22138 ccSMCD.Sty
1               8904 ccSPCS27.Bin
1               7680 ccSPCS27.Bx
1                257 ccSPCS27.Bxl
1            2449928 ccSPCS27.Cdf
1                465 ccSPCS27.Dcb
1               2323 ccSPCS27.Sty
1               7992 ccSPCS83.Bin
1               7680 ccSPCS83.Bx
1                257 ccSPCS83.Bxl
1            2355633 ccSPCS83.Cdf
1                405 ccSPCS83.Dcb
1               2290 ccSPCS83.Sty
1             175045 ccState.Bin
1               8192 ccState.Bx
1               2914 ccState.Bxl
1           11750280 ccState.Cdf
1               3870 ccState.Cfs
1             189869 ccState.Dcb
1              38413 ccState.Sty
1         1083699948 ccStreet.Cdf
1           27350072 ccStreet.Cdn
1               5033 ccStreet.St1
1              29833 ccStreet.Sty
1                928 ccTimeZone.Bin
1                168 ccTimeZone.Bxl
1           12912992 ccTimeZone.Cdf
1                350 ccTimeZone.Dcb
1               2647 ccTimeZone.Sty
1           92715927 ccTract.Bin
1            1325568 ccTract.Bx
1           63064736 ccTract.Cdf
1               3852 ccTract.Cfs
1             187184 ccTract.Dcb
1              37842 ccTract.Sty
1             164802 ccUSCity.Bin
1                225 ccUSCity.Bxl
1              15193 ccUSCity.Cdf
1                722 ccUSCity.Dcb
1               1679 ccUSCity.St0
1              15033 ccUSCity.Sty
1                372 ccUTM.Bin
1               2048 ccUTM.Bx
1             124037 ccUTM.Cdf
1                179 ccUTM.Dcb
1               2314 ccUTM.Sty
1            3801600 ccWaterArea.Bin
1            1509888 ccWaterArea.Bx
1                390 ccWaterArea.Bxl
1          251440333 ccWaterArea.Cdf
1                410 ccWaterArea.Dcb
1                234 ccWaterArea.St2
1               3357 ccWaterArea.Sty
1            1370415 ccZCTA3.Bin
1               9216 ccZCTA3.Bx
1           28552686 ccZCTA3.Cdf
1              83200 ccZCTA3.Dcb
1              21585 ccZCTA3.Sty
1           35605900 ccZCTA5.Bin
1             568320 ccZCTA5.Bx
1          118175655 ccZCTA5.Cdf
1              84765 ccZCTA5.Dcb
1              21543 ccZCTA5.Sty
1               4485 ccZIP3.Bin
1               9216 ccZIP3.Bx
1           27921555 ccZIP3.Cdf
1                238 ccZIP3.Dcb
1               6054 ccZIP3.Sty
1            1293440 ccZIP5.Bin
1             568320 ccZIP5.Bx
1           83548644 ccZIP5.Cdf
1                446 ccZIP5.Dcb
1               5639 ccZIP5.Sty
1            2779830 ccZIP5Pt.Bin
1             734720 ccZIP5Pt.Bx
1                206 ccZIP5Pt.Bxl
1             520465 ccZIP5Pt.Cdf
1             398848 ccZIP5Pt.Cfx
1                512 ccZIP5Pt.Dcb
1               1730 ccZIP5Pt.Sty
1            2311569 CityZIP.Bin
1            4645888 CityZIP.Bx
1                114 CityZIP.Dcb
1             876136 CityZIP.Flt


3             444535 ccANTLMK.Bin
3             277504 ccANTLMK.Bx
3             106081 ccANTLMK.Cdf
3                 73 ccANTLMK.Dcb
3               2264 ccANTLMK.Sty
3             597440 ccWLDAIR.Bin
3             232960 ccWLDAIR.Bx
3                157 ccWLDAIR.Bxl
3              79105 ccWLDAIR.Cdf
3                490 ccWLDAIR.Dcb
3                149 ccWLDAIR.St0
3               3380 ccWLDAIR.Sty
3           33673444 ccWLDCOS.Cdf
3                928 ccWLDCOS.Sty
3               1373 ccWLDCOS_.Sty
3              54516 ccWLDCTY.Bin
3              32256 ccWLDCTY.Bx
3                118 ccWLDCTY.Bxl
3              14209 ccWLDCTY.Cdf
3                299 ccWLDCTY.Dcb
3                285 ccWLDCTY.St0
3               4816 ccWLDCTY.Sty
3             295554 ccWLDELP.Bin
3                222 ccWLDELP.Bxl
3             793961 ccWLDELP.Cdf
3                169 ccWLDELP.Dcb
3               2440 ccWLDELP.Sty
3          143889430 ccWLDELV.Cdf
3               2320 ccWLDELV.Sty
3                946 ccWLDELV_.Sty
3           78964068 ccWldGaz.Bin
3          223660544 ccWldGaz.Bx
3             145924 ccWldGaz.Bxl
3           25647593 ccWldGaz.Cdf
3               1255 ccWldGaz.Dcb
3               1216 ccWldGaz.St0
3               8475 ccWldGaz.Sty
3            1671282 ccWLDHWY.Bin
3                421 ccWLDHWY.Bxl
3           25182056 ccWLDHWY.Cdf
3                229 ccWLDHWY.Dcb
3                491 ccWLDHWY.St1
3               3550 ccWLDHWY.Sty
3                928 ccWLDHWY_.Sty
3            3061002 ccWLDPLC.Cdf
3               1347 ccWLDPLC.Sty
3            3983804 ccWLDPPL.Bin
3            1786368 ccWLDPPL.Bx
3                140 ccWLDPPL.Bxl
3             730017 ccWLDPPL.Cdf
3                313 ccWLDPPL.Dcb
3                868 ccWLDPPL.St0
3               9566 ccWLDPPL.Sty
3              93294 ccWLDPRV.Bin
3              33792 ccWLDPRV.Bx
3            4270188 ccWLDPRV.Cdf
3                560 ccWLDPRV.Dcb
3               4494 ccWLDPRV.Sty
3             230320 ccWLDRR.Bin
3                439 ccWLDRR.Bxl
3            4580117 ccWLDRR.Cdf
3                162 ccWLDRR.Dcb
3               1378 ccWLDRR.Sty
3                929 ccWLDRR_.Sty
3            1926174 ccWLDRVH.Bin
3                156 ccWLDRVH.Bxl
3           58639928 ccWLDRVH.Cdf
3                156 ccWLDRVH.Dcb
3                278 ccWLDRVH.St1
3                909 ccWLDRVH.Sty
3               2648 ccWLDRVH_.Sty
3              32466 ccWLDRVL.Cdf
3                924 ccWLDRVL.Sty
3               1381 ccWLDRVL_.Sty
3             225042 ccWLDUT.Bin
3                202 ccWLDUT.Bxl
3            3897952 ccWLDUT.Cdf
3                167 ccWLDUT.Dcb
3                380 ccWLDUT.St1
3               3071 ccWLDUT.Sty
3                938 ccWLDUT_.Sty
3             698528 ccWLDWAT.Bin
3                180 ccWLDWAT.Bxl
3           38433956 ccWLDWAT.Cdf
3                141 ccWLDWAT.Dcb
3                325 ccWLDWAT.St2
3               2576 ccWLDWAT.Sty
3          119389305 ccWorldDEM.Cdf
3              17584 ccWorldDEM.Sty
3             188308 ccWorldH.Bin
3              12800 ccWorldH.Bx
3            6679331 ccWorldH.Cdf
3               7254 ccWorldH.Dcb
3                218 ccWorldH.St2
3               3789 ccWorldH.Sty
3             123012 ccWorldL.Bin
3               9216 ccWorldL.Bx
3             247378 ccWorldL.Cdf
3               7630 ccWorldL.Dcb
3                419 ccWorldL.St2
3               2433 ccWorldL.Sty
3           88317450 ccWorldLandmark.Bin
3             221175 ccWorldLandmark.Bxl
3           23586265 ccWorldLandmark.Cdf
3               1327 ccWorldLandmark.Dcb
3               6834 ccWorldLandmark.St0
3              60691 ccWorldLandmark.Sty


5             153072 ccAirNet.Bin
5               7044 ccAirNet.Bxl
5              44663 ccAirNet.Cdf
5               1981 ccAirNet.Dcb
5             318004 ccAirNet.Net
5               1407 ccAirNet.Sty
5              13280 ccAirNet_.Bin
5              22016 ccAirNet_.Bx
5                227 ccAirNet_.Dcb
5               2255 ccAirNet_.Sty
5             138450 ccAMTRAK.bin
5              33280 ccAMTRAK.Bx
5               3003 ccAMTRAK.Bxl
5              11673 ccAMTRAK.Cdf
5               3334 ccAMTRAK.Dcb
5                500 ccAMTRAK.St0
5               6831 ccAMTRAK.Sty
5               9666 ccBEA2004.Bin
5           10277708 ccBEA2004.Cdf
5                285 ccBEA2004.Dcb
5               2130 ccBEA2004.Sty
5              18576 ccCEA2004.Bin
5           11169396 ccCEA2004.Cdf
5                285 ccCEA2004.Dcb
5               1552 ccCEA2004.Sty
5           50066254 ccFAF.Bin
5             604672 ccFAF.Bx
5                975 ccFAF.Bxl
5            6610395 ccFAF.Cdf
5               6335 ccFAF.Dcb
5               1128 ccFAF.Sty
5            3395691 ccFAF_.Bin
5                619 ccFAF_.Bxl
5                723 ccFAF_.Dcb
5              15960 ccFAUA.Bin
5              17408 ccFAUA.Bx
5            1147969 ccFAUA.Cdf
5                482 ccFAUA.Dcb
5               2167 ccFAUA.Sty
5               4158 ccHwyBrX.Bin
5               5120 ccHwyBrX.Bx
5               5289 ccHwyBrX.Cdf
5                217 ccHwyBrX.Dcb
5               2283 ccHwyBrX.Sty
5               2328 ccMIG_PUMA1.Bin
5               6144 ccMIG_PUMA1.Bx
5            8814312 ccMIG_PUMA1.Cdf
5                269 ccMIG_PUMA1.Dcb
5               6959 ccMIG_PUMA1.Sty
5               8400 ccMIG_PUMA5.Bin
5              14848 ccMIG_PUMA5.Bx
5           10394355 ccMIG_PUMA5.Cdf
5                263 ccMIG_PUMA5.Dcb
5               7077 ccMIG_PUMA5.Sty
5              30030 ccMilBase.Bin
5              22016 ccMilBase.Bx
5             366002 ccMilBase.Cdf
5                402 ccMilBase.Dcb
5               2127 ccMilBase.Sty
5             253080 ccMPO.Bin
5              32256 ccMPO.Bx
5            1320231 ccMPO.Cdf
5               1615 ccMPO.Dcb
5               2101 ccMPO.Sty
5            3734900 ccNAAirport.Bin
5             251392 ccNAAirport.Bx
5               2150 ccNAAirport.Bxl
5              72009 ccNAAirport.Cdf
5               5278 ccNAAirport.Dcb
5                733 ccNAAirport.St0
5               8825 ccNAAirport.Sty
5           15076230 ccNAHighwy.Bin
5            1286144 ccNAHighwy.Bx
5               1884 ccNAHighwy.Bxl
5           13066418 ccNAHighwy.Cdf
5               1953 ccNAHighwy.Dcb
5           16308378 ccNAHighwy.Net
5              23124 ccNAHighwy.St1
5             124478 ccNAHighwy.Sty
5                959 ccNAHighwy_.Sty
5              35282 ccNAInterModal.Bin
5              38400 ccNAInterModal.Bx
5                368 ccNAInterModal.Bxl
5               9073 ccNAInterModal.Cdf
5                675 ccNAInterModal.Dcb
5               2277 ccNAInterModal.Sty
5              11250 ccNAPort.Bin
5               8192 ccNAPort.Bx
5                596 ccNAPort.Bxl
5               6281 ccNAPort.Cdf
5                612 ccNAPort.Dcb
5               2247 ccNAPort.Sty
5           18250960 ccNARail.Bin
5            1511424 ccNARail.Bx
5                187 ccNARail.Bxl
5            6617862 ccNARail.Cdf
5               1559 ccNARail.Dcb
5           16404520 ccNARail.Net
5               2341 ccNARail.Sty
5                952 ccNARail_.Sty
5               4183 ccNTAR93.Bin
5               2048 ccNTAR93.Bx
5             138663 ccNTAR93.Cdf
5                985 ccNTAR93.Dcb
5               1379 ccNTAR93.Sty
5               2466 ccPOW_PUMA1.Bin
5               6656 ccPOW_PUMA1.Bx
5            8910283 ccPOW_PUMA1.Cdf
5                276 ccPOW_PUMA1.Dcb
5               6947 CCPOW_PUMA1.Sty
5              10112 ccPOW_PUMA5.Bin
5              16384 ccPOW_PUMA5.Bx
5           11100003 ccPOW_PUMA5.Cdf
5                269 ccPOW_PUMA5.Dcb
5               6895 ccPOW_PUMA5.Sty
5               8640 ccPUMA1.Bin
5              19968 ccPUMA1.Bx
5            9329461 ccPUMA1.Cdf
5                440 ccPUMA1.Dcb
5               6893 ccPUMA1.Sty
5              77811 ccPUMA5.Bin
5             101376 ccPUMA5.Bx
5           12077771 ccPUMA5.Cdf
5                621 ccPUMA5.Dcb
5               6909 ccPUMA5.Sty
5           18018572 ccRail100k.Bin
5            1392640 ccRail100K.Bx
5                391 ccRail100K.Bxl
5            9024843 ccRail100K.Cdf
5               1908 ccRail100k.Dcb
5                337 ccRail100K.St1
5               4486 ccRail100K.Sty
5            7194152 ccRail100K_.Bin
5            3612160 ccRail100K_.Bx
5                511 ccRail100K_.Dcb
5                962 ccRail100K_.sty
5            1555888 ccRail2M.bin
5              99328 ccRail2M.Bx
5                784 ccRail2M.Bxl
5            2645543 ccRail2M.Cdf
5               2293 ccRail2M.Dcb
5            1666564 ccRail2M.Net
5                335 ccRail2M.St1
5               4474 ccRail2M.Sty
5             450660 ccRail2M_.Bin
5             420864 ccRail2M_.Bx
5                377 ccRail2M_.Dcb
5                952 ccRail2M_.sty
5               1802 ccRRBrX.Bin
5               4096 ccRRBrX.Bx
5               4553 ccRRBrX.Cdf
5                537 ccRRBrX.Dcb
5               2284 ccRRBrX.Sty
5            2590650 ccRunway.Bin
5             230912 ccRunway.Bx
5             275704 ccRunway.Cdf
5               7595 ccRunway.Dcb
5               1126 ccRunway.Sty
5            1589556 ccRunway_.Bin
5             441856 ccRunway_.Bx
5                586 ccRunway_.Bxl
5                640 ccRunway_.Dcb
5            3661746 ccTAZ2000.Bin
5            1776640 ccTAZ2000.Bx
5           38777245 ccTAZ2000.Cdf
5                472 ccTAZ2000.Dcb
5               1351 ccTAZ2000.Sty
5             138006 ccTransit.Bin
5              23552 ccTransit.Bx
5                420 ccTransit.Bxl
5              95153 ccTransit.Cdf
5                451 ccTransit.Dcb
5             226084 ccTransit.Net
5                721 ccTransit.St1
5               4706 ccTransit.Sty
5               2060 ccTransit_.Bin
5                174 ccTransit_.Bxl
5                111 ccTransit_.Dcb
5                939 ccTransit_.sty
5            6039080 ccUrbanArea_Cluster.bin
5             173056 ccUrbanArea_Cluster.Bx
5                130 ccUrbanArea_Cluster.Bxl
5           10243403 ccUrbanArea_Cluster.Cdf
5              83156 ccUrbanArea_Cluster.Dcb
5                375 ccUrbanArea_Cluster.St2
5              22782 ccUrbanArea_Cluster.Sty
5            1013948 ccWaterWay.Bin
5             124928 ccWaterWay.Bx
5             359864 ccWaterWay.Cdf
5               1790 ccWaterWay.Dcb
5             778982 ccWaterWay.Net
5               1130 ccWaterWay.Sty
5             361630 ccWaterWay_.Bin
5              65536 ccWaterWay_.Bx
5                670 ccWaterWay_.Dcb
5           73629303 USTrans_Tract.Bin
5            1325568 USTrans_Tract.Bx
5           63064736 USTrans_Tract.Cdf
5             146012 USTrans_Tract.Dcb
5              30843 USTrans_Tract.Sty


6              21935 National\ccUK100kmGrid.Cdf
6                822 National\ccUK100kmGrid.Sty
6                977 National\ccUK100kmGrid_.Sty
6               9354 National\ccUK10kmGrid.Cdf
6                817 National\ccUK10kmGrid.Sty
6                972 National\ccUK10kmGrid_.Sty
6               8181 National\ccUKAirport.Bin
6               4929 National\ccUKAirport.Cdf
6                170 National\ccUKAirport.Dcb
6               5556 National\ccUKAirport.Sty
6           11818218 National\ccUKCity.Bin
6             283721 National\ccUKCity.Cdf
6             625664 National\ccUKCity.CFX
6                289 National\ccUKCity.Dcb
6               8639 National\ccUKCity.Sty
6            1856782 National\ccUKContour.Bin
6           10929712 National\ccUKContour.Cdf
6                 55 National\ccUKContour.Dcb
6               1804 National\ccUKContour.Sty
6                964 National\ccUKContour_.Sty
6            1031635 National\ccUKContourAreas.Bin
6           20570513 National\ccUKContourAreas.Cdf
6                128 National\ccUKContourAreas.Dcb
6              12256 National\ccUKContourAreas.Sty
6              17200 National\ccUKCountyAndUnitary.Bin
6            1185446 National\ccUKCountyAndUnitary.Cdf
6               6144 National\ccUKCountyAndUnitary.CFX
6                180 National\ccUKCountyAndUnitary.Dcb
6               1618 National\ccUKCountyAndUnitary.Sty
6                 76 National\ccUKDangerZoneArea.Bin
6              17268 National\ccUKDangerZoneArea.Cdf
6                136 National\ccUKDangerZoneArea.Dcb
6                874 National\ccUKDangerZoneArea.Sty
6             124392 National\ccUKDistrict.Bin
6            1285872 National\ccUKDistrict.Cdf
6                215 National\ccUKDistrict.Dcb
6               1585 National\ccUKDistrict.Sty
6                 69 National\ccUKEng&Wales.Bin
6             254239 National\ccUKEng&Wales.Cdf
6                135 National\ccUKEng&Wales.Dcb
6               1608 National\ccUKEng&Wales.Sty
6              37968 National\ccUKFootpath.Bin
6              94444 National\ccUKFootpath.Cdf
6                179 National\ccUKFootpath.Dcb
6               1564 National\ccUKFootpath.Sty
6                969 National\ccUKFootpath_.Sty
6               2992 National\ccUKForestPark.Bin
6              48150 National\ccUKForestPark.Cdf
6                134 National\ccUKForestPark.Dcb
6               1574 National\ccUKForestPark.Sty
6            1947245 National\ccUKGazetteer.Bin
6              85993 National\ccUKGazetteer.Cdf
6             390656 National\ccUKGazetteer.CFX
6                174 National\ccUKGazetteer.Dcb
6              28797 National\ccUKGazetteer.Sty
6               1500 National\ccUKGOR.Bin
6             880705 National\ccUKGOR.Cdf
6               2048 National\ccUKGOR.CFX
6                154 National\ccUKGOR.Dcb
6               1568 National\ccUKGOR.Sty
6            1563988 National\ccUKHighway.Bin
6             700551 National\ccUKHighway.Cdf
6                197 National\ccUKHighway.Dcb
6               9053 National\ccUKHighway.Sty
6                982 National\ccUKHighway_.Sty
6             507056 National\ccUKLake.Bin
6             669323 National\ccUKLake.Cdf
6                128 National\ccUKLake.Dcb
6               1549 National\ccUKLake.Sty
6             752259 National\ccUKLandmass.Cdf
6                814 National\ccUKLandmass.Sty
6              17056 National\ccUKLEA.Bin
6            1183621 National\ccUKLEA.Cdf
6                132 National\ccUKLEA.Dcb
6               1595 National\ccUKLEA.Sty
6             180766 National\ccUKMotorway.Bin
6              97785 National\ccUKMotorway.Cdf
6                197 National\ccUKMotorway.Dcb
6               1592 National\ccUKMotorway.Sty
6                969 National\ccUKMotorway_.Sty
6               2660 National\ccUKNationalPark.Bin
6              92283 National\ccUKNationalPark.Cdf
6                171 National\ccUKNationalPark.Dcb
6               1575 National\ccUKNationalPark.Sty
6              76788 National\ccUKNationalTrustSite.Bin
6             133008 National\ccUKNationalTrustSite.Cdf
6                141 National\ccUKNationalTrustSite.Dcb
6               1603 National\ccUKNationalTrustSite.Sty
6              14805 National\ccUKPassengerFerry.Bin
6              34483 National\ccUKPassengerFerry.Cdf
6                 63 National\ccUKPassengerFerry.Dcb
6                851 National\ccUKPassengerFerry.Sty
6                972 National\ccUKPassengerFerry_.Sty
6             206894 National\ccUKPhysicalFeature.Bin
6              53017 National\ccUKPhysicalFeature.Cdf
6                217 National\ccUKPhysicalFeature.Dcb
6               3982 National\ccUKPhysicalFeature.Sty
6                995 National\ccUKPhysicalFeature_.Sty
6             577200 National\ccUKPhysicalFeaturePoint.Bin
6              35537 National\ccUKPhysicalFeaturePoint.Cdf
6                220 National\ccUKPhysicalFeaturePoint.Dcb
6               6116 National\ccUKPhysicalFeaturePoint.Sty
6                624 National\ccUKProvince.Bin
6             785302 National\ccUKProvince.Cdf
6                130 National\ccUKProvince.Dcb
6               1585 National\ccUKProvince.Sty
6             617442 National\ccUKRailway.Bin
6             442474 National\ccUKRailway.Cdf
6                142 National\ccUKRailway.Dcb
6               2061 National\ccUKRailway.Sty
6                964 National\ccUKRailway_.Sty
6             965736 National\ccUKRailwayStation.Bin
6              42225 National\ccUKRailwayStation.Cdf
6                221 National\ccUKRailwayStation.Dcb
6               6883 National\ccUKRailwayStation.Sty
6                440 National\ccUKRegionalPark.Bin
6              11576 National\ccUKRegionalPark.Cdf
6                131 National\ccUKRegionalPark.Dcb
6               1583 National\ccUKRegionalPark.Sty
6            3397349 National\ccUKRiver.Bin
6            2404314 National\ccUKRiver.Cdf
6                298 National\ccUKRiver.Dcb
6               4993 National\ccUKRiver.Sty
6                963 National\ccUKRiver_.Sty
6           13479350 National\ccUKRoad.Bin
6            6245868 National\ccUKRoad.Cdf
6                185 National\ccUKRoad.Dcb
6              24231 National\ccUKRoad.Sty
6                958 National\ccUKRoad_.Sty
6            1640373 National\ccUKRoadPoint.Bin
6              93721 National\ccUKRoadPoint.Cdf
6                218 National\ccUKRoadPoint.Dcb
6               9541 National\ccUKRoadPoint.Sty
6              14384 National\ccUKScenicArea.Bin
6             358619 National\ccUKScenicArea.Cdf
6                 59 National\ccUKScenicArea.Dcb
6                819 National\ccUKScenicArea.Sty
6             164312 National\ccUKShore.Bin
6             577649 National\ccUKShore.Cdf
6                 53 National\ccUKShore.Dcb
6                799 National\ccUKShore.Sty
6             508662 National\ccUKSummit.Bin
6              30753 National\ccUKSummit.Cdf
6                261 National\ccUKSummit.Dcb
6               5804 National\ccUKSummit.Sty
6             322371 National\ccUKUrbanArea.Bin
6             477103 National\ccUKUrbanArea.Cdf
6                124 National\ccUKUrbanArea.Dcb
6                799 National\ccUKUrbanArea.Sty
6               8820 National\ccUKWaterfall.Bin
6               5065 National\ccUKWaterfall.Cdf
6                167 National\ccUKWaterfall.Dcb
6               5548 National\ccUKWaterfall.Sty
6             119648 National\ccUKWoodland.Bin
6            1151493 National\ccUKWoodland.Cdf
6                 93 National\ccUKWoodland.Dcb
6               1583 National\ccUKWoodland.Sty
6               5704 National\Police Force.Bin
6             494212 National\Police Force.Cdf
6               4154 National\Police Force.Dcb
6               1592 National\Police Force.Sty


6              14578 London\ccLondonBorough.Bin
6              60811 London\ccLondonBorough.Cdf
6                181 London\ccLondonBorough.Dcb
6               1592 London\ccLondonBorough.Sty
6                386 London\ccLondonCongestZone.Bin
6               7469 London\ccLondonCongestZone.Cdf
6                171 London\ccLondonCongestZone.Dcb
6               1632 London\ccLondonCongestZone.Sty
6           11425568 London\ccLondonLUBuilding.Bin
6            1802665 London\ccLondonLUBuilding.Cdf
6                222 London\ccLondonLUBuilding.Dcb
6               6129 London\ccLondonLUBuilding.Sty
6            3763152 London\ccLondonLUGazetteer.Bin
6            4769681 London\ccLondonLUGazetteer.Cdf
6                213 London\ccLondonLUGazetteer.Dcb
6              18726 London\ccLondonLUGazetteer.Sty
6             532884 London\ccLondonLUWater.Bin
6            1504497 London\ccLondonLUWater.Cdf
6                177 London\ccLondonLUWater.Dcb
6               1596 London\ccLondonLUWater.Sty
6            4227564 London\ccLondonPath.Bin
6            1154372 London\ccLondonPath.Cdf
6                217 London\ccLondonPath.Dcb
6                827 London\ccLondonPath.Sty
6                978 London\ccLondonPath_.Sty
6             201453 London\ccLondonPhysicalFeat.Bin
6              54631 London\ccLondonPhysicalFeat.Cdf
6                226 London\ccLondonPhysicalFeat.Dcb
6                867 London\ccLondonPhysicalFeat.Sty
6               1006 London\ccLondonPhysicalFeat_.Sty
6            7369800 London\ccLondonPointGazetteer.Bin
6             201185 London\ccLondonPointGazetteer.Cdf
6                222 London\ccLondonPointGazetteer.Dcb
6              60741 London\ccLondonPointGazetteer.Sty
6             728900 London\ccLondonRailway.Bin
6             142218 London\ccLondonRailway.Cdf
6                259 London\ccLondonRailway.Dcb
6               2107 London\ccLondonRailway.Sty
6                993 London\ccLondonRailway_.Sty
6             161805 London\ccLondonRailwayPoint.Bin
6              12329 London\ccLondonRailwayPoint.Cdf
6                218 London\ccLondonRailwayPoint.Dcb
6               8020 London\ccLondonRailwayPoint.Sty
6             823680 London\ccLondonRiver.Bin
6             906660 London\ccLondonRiver.Cdf
6                218 London\ccLondonRiver.Dcb
6               1574 London\ccLondonRiver.Sty
6                983 London\ccLondonRiver_.Sty
6            1076361 London\ccLondonRoadPoint.Bin
6              48977 London\ccLondonRoadPoint.Cdf
6                215 London\ccLondonRoadPoint.Dcb
6               7922 London\ccLondonRoadPoint.Sty
6           49893675 London\ccLondonStreet.Bin
6            6484442 London\ccLondonStreet.Cdf
6                302 London\ccLondonStreet.Dcb
6              14428 London\ccLondonStreet.Sty
6                988 London\ccLondonStreet_.Sty
6             115692 London\ccLondonUrban.Bin
6            1076065 London\ccLondonUrban.Cdf
6                 97 London\ccLondonUrban.Dcb
6                820 London\ccLondonUrban.Sty


6           13281272 Postal\ccUKPostcode.Bin
6           18470912 Postal\CCUKPOSTCODE.BX
6           13311489 Postal\ccUKPostcode.Cdf
6                 54 Postal\ccUKPostcode.Dcb
6               2286 Postal\ccUKPostcode.Sty
6               3968 Postal\ccUKPostcodeArea.Bin
6             910556 Postal\ccUKPostcodeArea.Cdf
6               3072 Postal\CCUKPOSTCODEAREA.CFX
6                113 Postal\ccUKPostcodeArea.Dcb
6               1603 Postal\ccUKPostcodeArea.Sty
6             317184 Postal\ccUKPostcodeDistrict.Bin
6            1665484 Postal\ccUKPostcodeDistrict.Cdf
6              25088 Postal\CCUKPOSTCODEDISTRICT.CFX
6                266 Postal\ccUKPostcodeDistrict.Dcb
6               1607 Postal\ccUKPostcodeDistrict.Sty
6            1197756 Postal\ccUKPostcodeSector.Bin
6            2656809 Postal\ccUKPostcodeSector.Cdf
6              90624 Postal\CCUKPOSTCODESECTOR.CFX
6                363 Postal\ccUKPostcodeSector.Dcb
6               1597 Postal\ccUKPostcodeSector.Sty


6              18396 Europe\ccEuropeFirstOrderAdmin.bin
6            3372859 Europe\ccEuropeFirstOrderAdmin.Cdf
6               1180 Europe\ccEuropeFirstOrderAdmin.DCB
6               2201 Europe\ccEuropeFirstOrderAdmin.sty
6              37450 Europe\ccEuropeNationalOrderAdmin.bin
6            4080404 Europe\ccEuropeNationalOrderAdmin.Cdf
6               7845 Europe\ccEuropeNationalOrderAdmin.DCB
6               2187 Europe\ccEuropeNationalOrderAdmin.sty
6             101430 Europe\ccEuropeSecondOrderAdmin.bin
6            3503615 Europe\ccEuropeSecondOrderAdmin.Cdf
6               1260 Europe\ccEuropeSecondOrderAdmin.DCB
6               2186 Europe\ccEuropeSecondOrderAdmin.sty
6             850885 Europe\ccEuropeThirdOrderAdmin.bin
6            2010374 Europe\ccEuropeThirdOrderAdmin.Cdf
6               1250 Europe\ccEuropeThirdOrderAdmin.DCB
6               2184 Europe\ccEuropeThirdOrderAdmin.sty
6               3250 Europe\ccNIDistrict.bin
6              16659 Europe\ccNIDistrict.Cdf
6                200 Europe\ccNIDistrict.DCB
6               2141 Europe\ccNIDistrict.sty
6              45738 Europe\ccUKCountyOld.bin
6             210874 Europe\ccUKCountyOld.cdf
6                170 Europe\ccUKCountyOld.DCB
6               2180 Europe\ccUKCountyOld.sty
6            7452941 Europe\ccUKDEM.CDF
6              10595 Europe\ccUKDEM.sty
6                600 Europe\ccUKGOR_L.bin
6             102919 Europe\ccUKGOR_L.cdf
6                 77 Europe\ccUKGOR_L.DCB
6               1544 Europe\ccUKGOR_L.sty
6            1651959 Europe\ccUKTown.bin
6            1885184 Europe\ccUKTown.BX
6             146657 Europe\ccUKTown.cdf
6                201 Europe\ccUKTown.DCB
6               2253 Europe\ccUKTown.sty


